../Core/Src/main.c:62:6:CAN_TX	56	static
../Core/Src/main.c:91:6:CAN_RX_Filter_Init	56	static
../Core/Src/main.c:111:6:CAN_RX	56	static
../Core/Src/main.c:131:6:HAL_CAN_TxMailbox0CompleteCallback	16	static
../Core/Src/main.c:135:6:HAL_CAN_RxFifo0MsgPendingCallback	16	static
../Core/Src/main.c:139:6:HAL_CAN_ErrorCallback	16	static
../Core/Src/main.c:153:5:main	16	static
../Core/Src/main.c:215:6:SystemClock_Config	72	static
../Core/Src/main.c:252:13:MX_CAN_Init	8	static
../Core/Src/main.c:289:13:MX_GPIO_Init	16	static
../Core/Src/main.c:309:6:Error_Handler	4	static,ignoring_inline_asm
