
Memory Configuration

Name             Origin             Length             Attributes
flash            0x08000000         0x00010000         xr
sram             0x20000000         0x00005000         xrw
*default*        0x00000000         0xffffffff

Linker script and memory map


.text           0x08000000      0x2b7
 *(.vectors*)
 .vectors       0x08000000      0x150 startup.o
                0x08000000                vectors
 *(.text*)
 .text          0x08000150       0xd4 main.o
                0x08000150                _sbrk
                0x080001a8                main
 .text          0x08000224       0x90 startup.o
                0x08000224                Reset_Handler
                0x080002a8                SysTick_Handler
                0x080002a8                USART3_Handler
                0x080002a8                PendSV_Handler
                0x080002a8                NMI_Handler
                0x080002a8                DMA2_Channel5_Handler
                0x080002a8                DMA_CH5_Handler
                0x080002a8                CAN1_RX1_Handler
                0x080002a8                EXTI15_10_Handler
                0x080002a8                DMA_CH2_Handler
                0x080002a8                DMA2_Channel1_Handler
                0x080002a8                I2C1_EV_Handler
                0x080002a8                Bus_Fault_Handler
                0x080002a8                ADC1_2_Handler
                0x080002a8                EXTI4_Handler
                0x080002a8                DMA2_Channel4_Handler
                0x080002a8                H_Fault_Handler
                0x080002a8                OTG_FS_Handler
                0x080002a8                I2C1_ER_Handler
                0x080002a8                RTC_Handler
                0x080002a8                CAN1_RX0_Handler
                0x080002a8                TIM1_CC_Handler
                0x080002a8                I2C2_ER_Handler
                0x080002a8                DMA_CH7_Handler
                0x080002a8                CAN1_SCE_Handler
                0x080002a8                DMA_CH6_Handler
                0x080002a8                TIM1_BRK_Handler
                0x080002a8                MM_Fault_Handler
                0x080002a8                EXTI1_Handler
                0x080002a8                SVCall_Handler
                0x080002a8                EXTI3_Handler
                0x080002a8                Tamper_Handler
                0x080002a8                EXTI2_Handler
                0x080002a8                UART4_Handler
                0x080002a8                CAN2_RX1_Handler
                0x080002a8                EXTI9_5_Handler
                0x080002a8                TIM2_Handler
                0x080002a8                USART1_Handler
                0x080002a8                CAN2_SCE_Handler
                0x080002a8                TIM3_Handler
                0x080002a8                Default_Handler
                0x080002a8                TIM4_Handler
                0x080002a8                DMA_CH1_Handler
                0x080002a8                CAN2_TX_Handler
                0x080002a8                SPI2_Handler
                0x080002a8                EXTI0_Handler
                0x080002a8                CAN2_RX0_Handler
                0x080002a8                Usage_Fault_Handler
                0x080002a8                TIM1_UP_Handler
                0x080002a8                USART2_Handler
                0x080002a8                ETH_Handler
                0x080002a8                ETH_WKUP
                0x080002a8                SPI1_Handler
                0x080002a8                I2C2_EV_Handler
                0x080002a8                Flash_Handler
                0x080002a8                SPI3_Handler
                0x080002a8                DMA2_Channel3_Handler
                0x080002a8                RCC_Handler
                0x080002a8                PVD_Handler
                0x080002a8                UART5_Handler
                0x080002a8                DMA2_Channel2_Handler
                0x080002a8                TIM5_Handler
                0x080002a8                TIM7_Handler
                0x080002a8                Window_WD_Handler
                0x080002a8                CAN1_TX_Handler
                0x080002a8                DMA_CH3_Handler
                0x080002a8                TIM6_Handler
                0x080002a8                RTCAlarm_Handler
                0x080002a8                Debug_Mon_Handler
                0x080002a8                TIM1_TRG_COM_Handler
                0x080002a8                OTG_FS_WKUP_Handler
                0x080002a8                DMA_CH4_Handler
 *(.rodata)
 .rodata        0x080002b4        0x3 main.o
                0x080002b4                const_variables
                0x080002b7                _E_text = .

.glue_7         0x080002b8        0x0
 .glue_7        0x080002b8        0x0 linker stubs

.glue_7t        0x080002b8        0x0
 .glue_7t       0x080002b8        0x0 linker stubs

.vfp11_veneer   0x080002b8        0x0
 .vfp11_veneer  0x080002b8        0x0 linker stubs

.v4_bx          0x080002b8        0x0
 .v4_bx         0x080002b8        0x0 linker stubs

.iplt           0x080002b8        0x0
 .iplt          0x080002b8        0x0 main.o

.rel.dyn        0x080002b8        0x0
 .rel.iplt      0x080002b8        0x0 main.o

.data           0x20000000        0x8 load address 0x080002b7
                0x20000000                _S_DATA = .
 *(.data)
 .data          0x20000000        0x7 main.o
                0x20000000                R_ODR
                0x20000004                g_variables
 .data          0x20000007        0x0 startup.o
                0x20000008                . = ALIGN (0x4)
 *fill*         0x20000007        0x1 
                0x20000008                _E_DATA = .

.igot.plt       0x20000008        0x0 load address 0x080002bf
 .igot.plt      0x20000008        0x0 main.o

.bss            0x20000008     0x2008 load address 0x080002bf
                0x20000008                _S_BSS = .
 *(.bss)
 .bss           0x20000008        0x8 main.o
                0x20000008                BSS_VAR
 .bss           0x20000010        0x0 startup.o
                0x20000010                _E_BSS = .
                0x20000010                . = ALIGN (0x4)
                0x20001010                . = (. + 0x1000)
 *fill*         0x20000010     0x1000 
                0x20001010                _E_HEAP = .
                0x20001010                . = ALIGN (0x4)
                0x20002010                . = (. + 0x1000)
 *fill*         0x20001010     0x1000 
                0x20002010                _stack_top = .
LOAD main.o
LOAD startup.o
OUTPUT(Unit3_Lesson5.elf elf32-littlearm)
LOAD linker stubs

.debug_info     0x00000000      0x513
 .debug_info    0x00000000      0x365 main.o
 .debug_info    0x00000365      0x1ae startup.o

.debug_abbrev   0x00000000      0x238
 .debug_abbrev  0x00000000      0x156 main.o
 .debug_abbrev  0x00000156       0xe2 startup.o

.debug_loc      0x00000000      0x110
 .debug_loc     0x00000000       0x94 main.o
 .debug_loc     0x00000094       0x7c startup.o

.debug_aranges  0x00000000       0x40
 .debug_aranges
                0x00000000       0x20 main.o
 .debug_aranges
                0x00000020       0x20 startup.o

.debug_line     0x00000000      0x17b
 .debug_line    0x00000000       0xb4 main.o
 .debug_line    0x000000b4       0xc7 startup.o

.debug_str      0x00000000      0x285
 .debug_str     0x00000000      0x20c main.o
                                0x255 (size before relaxing)
 .debug_str     0x0000020c       0x79 startup.o
                                0x1e1 (size before relaxing)

.comment        0x00000000       0x49
 .comment       0x00000000       0x49 main.o
                                 0x4a (size before relaxing)
 .comment       0x00000049       0x4a startup.o

.ARM.attributes
                0x00000000       0x2d
 .ARM.attributes
                0x00000000       0x2d main.o
 .ARM.attributes
                0x0000002d       0x2d startup.o

.debug_frame    0x00000000       0xa8
 .debug_frame   0x00000000       0x58 main.o
 .debug_frame   0x00000058       0x50 startup.o
