
Memory Configuration

Name             Origin             Length             Attributes
FLASH            0x08000000         0x00010000
SRAM             0x20000000         0x00005000
*default*        0x00000000         0xffffffff

Linker script and memory map


.vector         0x08000000      0x150
 *(.vector*)
 .vector_table  0x08000000      0x150 startup.o
                0x08000000                vector_table

.text           0x08000150      0x370
 *(.text*)
 .text          0x08000150       0xbc alarm_driver.o
                0x08000150                dAlarm_init
                0x0800016c                Start_Alarm
                0x08000188                Stop_Alarm
                0x080001a4                ST_dAlarm_waiting
                0x080001bc                ST_dAlarm_On
                0x080001e4                ST_dAlarm_Off
 .text          0x0800020c       0x84 alarm_monitor.o
                0x0800020c                mAlarm_init
                0x0800022c                High_Pressure_Detected
                0x08000248                ST_mAlarm_On
                0x08000278                ST_mAlarm_Off
 .text          0x08000290       0xc4 driver.o
                0x08000290                Delay
                0x080002b2                getPressureVal
                0x080002c8                Set_Alarm_actuator
                0x08000304                GPIO_INITIALIZATION
 .text          0x08000354       0x68 main.o
                0x08000354                main
                0x0800038c                system_init
                0x080003a0                Update_Pressure_value
 .text          0x080003bc       0x84 pressure_driver.o
                0x080003bc                Pressure_Init
                0x080003d8                ST_Pressure_reading
                0x08000408                ST_Pressure_updating
 .text          0x08000440       0x80 startup.o
                0x08000440                Reset_Handler
                0x080004b4                SysTick_Handler
                0x080004b4                USART3_Handler
                0x080004b4                PendSV_Handler
                0x080004b4                NMI_Handler
                0x080004b4                DMA2_Channel5_Handler
                0x080004b4                DMA_CH5_Handler
                0x080004b4                CAN1_RX1_Handler
                0x080004b4                EXTI15_10_Handler
                0x080004b4                DMA_CH2_Handler
                0x080004b4                DMA2_Channel1_Handler
                0x080004b4                I2C1_EV_Handler
                0x080004b4                Bus_Fault_Handler
                0x080004b4                ADC1_2_Handler
                0x080004b4                EXTI4_Handler
                0x080004b4                DMA2_Channel4_Handler
                0x080004b4                H_Fault_Handler
                0x080004b4                OTG_FS_Handler
                0x080004b4                I2C1_ER_Handler
                0x080004b4                RTC_Handler
                0x080004b4                CAN1_RX0_Handler
                0x080004b4                TIM1_CC_Handler
                0x080004b4                I2C2_ER_Handler
                0x080004b4                DMA_CH7_Handler
                0x080004b4                CAN1_SCE_Handler
                0x080004b4                DMA_CH6_Handler
                0x080004b4                TIM1_BRK_Handler
                0x080004b4                MM_Fault_Handler
                0x080004b4                EXTI1_Handler
                0x080004b4                SVCall_Handler
                0x080004b4                EXTI3_Handler
                0x080004b4                Tamper_Handler
                0x080004b4                EXTI2_Handler
                0x080004b4                DefaultInterruptHandler
                0x080004b4                UART4_Handler
                0x080004b4                CAN2_RX1_Handler
                0x080004b4                EXTI9_5_Handler
                0x080004b4                TIM2_Handler
                0x080004b4                USART1_Handler
                0x080004b4                CAN2_SCE_Handler
                0x080004b4                TIM3_Handler
                0x080004b4                TIM4_Handler
                0x080004b4                DMA_CH1_Handler
                0x080004b4                CAN2_TX_Handler
                0x080004b4                SPI2_Handler
                0x080004b4                EXTI0_Handler
                0x080004b4                CAN2_RX0_Handler
                0x080004b4                Usage_Fault_Handler
                0x080004b4                TIM1_UP_Handler
                0x080004b4                USART2_Handler
                0x080004b4                ETH_Handler
                0x080004b4                ETH_WKUP
                0x080004b4                SPI1_Handler
                0x080004b4                I2C2_EV_Handler
                0x080004b4                Flash_Handler
                0x080004b4                SPI3_Handler
                0x080004b4                DMA2_Channel3_Handler
                0x080004b4                RCC_Handler
                0x080004b4                PVD_Handler
                0x080004b4                UART5_Handler
                0x080004b4                DMA2_Channel2_Handler
                0x080004b4                TIM5_Handler
                0x080004b4                TIM7_Handler
                0x080004b4                Window_WD_Handler
                0x080004b4                CAN1_TX_Handler
                0x080004b4                DMA_CH3_Handler
                0x080004b4                TIM6_Handler
                0x080004b4                RTCAlarm_Handler
                0x080004b4                Debug_Mon_Handler
                0x080004b4                TIM1_TRG_COM_Handler
                0x080004b4                OTG_FS_WKUP_Handler
                0x080004b4                DMA_CH4_Handler
 *(.rodata*)
                0x080004c0                _E_text = .

.glue_7         0x080004c0        0x0
 .glue_7        0x080004c0        0x0 linker stubs

.glue_7t        0x080004c0        0x0
 .glue_7t       0x080004c0        0x0 linker stubs

.vfp11_veneer   0x080004c0        0x0
 .vfp11_veneer  0x080004c0        0x0 linker stubs

.v4_bx          0x080004c0        0x0
 .v4_bx         0x080004c0        0x0 linker stubs

.iplt           0x080004c0        0x0
 .iplt          0x080004c0        0x0 alarm_driver.o

.rel.dyn        0x080004c0        0x0
 .rel.iplt      0x080004c0        0x0 alarm_driver.o

.data           0x20000000        0x0 load address 0x080004c0
                0x20000000                _S_data = .
 *(.data*)
 .data          0x20000000        0x0 alarm_driver.o
 .data          0x20000000        0x0 alarm_monitor.o
 .data          0x20000000        0x0 driver.o
 .data          0x20000000        0x0 main.o
 .data          0x20000000        0x0 pressure_driver.o
 .data          0x20000000        0x0 startup.o
                0x20000000                . = ALIGN (0x4)
                0x20000000                _E_data = .

.igot.plt       0x20000000        0x0 load address 0x080004c0
 .igot.plt      0x20000000        0x0 alarm_driver.o

.bss            0x20000000      0x520 load address 0x080004c0
                0x20000000                _S_bss = .
 *(.bss*)
 .bss           0x20000000        0x5 alarm_driver.o
                0x20000000                dAlarm_State_Handler
                0x20000004                dAlarm_Current_State
 *fill*         0x20000005        0x3 
 .bss           0x20000008        0x5 alarm_monitor.o
                0x20000008                mAlarm_State_Handler
                0x2000000c                mAlarm_Current_State
 .bss           0x2000000d        0x0 driver.o
 *fill*         0x2000000d        0x3 
 .bss           0x20000010        0x4 main.o
 .bss           0x20000014        0x9 pressure_driver.o
                0x20000014                Pressure_State_Handler
                0x2000001c                Pressure_Current_State
 .bss           0x2000001d        0x0 startup.o
                0x20000020                . = ALIGN (0x4)
 *fill*         0x2000001d        0x3 
                0x20000020                _E_bss = .
                0x20000520                . = (. + 0x500)
 *fill*         0x20000020      0x500 
                0x20000520                _S_stack = .
LOAD alarm_driver.o
LOAD alarm_monitor.o
LOAD driver.o
LOAD main.o
LOAD pressure_driver.o
LOAD startup.o
OUTPUT(Pressure_Detection.elf elf32-littlearm)
LOAD linker stubs

.comment        0x00000000       0x49
 .comment       0x00000000       0x49 alarm_driver.o
                                 0x4a (size before relaxing)
 .comment       0x00000049       0x4a alarm_monitor.o
 .comment       0x00000049       0x4a driver.o
 .comment       0x00000049       0x4a main.o
 .comment       0x00000049       0x4a pressure_driver.o
 .comment       0x00000049       0x4a startup.o

.ARM.attributes
                0x00000000       0x2d
 .ARM.attributes
                0x00000000       0x2d alarm_driver.o
 .ARM.attributes
                0x0000002d       0x2d alarm_monitor.o
 .ARM.attributes
                0x0000005a       0x2d driver.o
 .ARM.attributes
                0x00000087       0x2d main.o
 .ARM.attributes
                0x000000b4       0x2d pressure_driver.o
 .ARM.attributes
                0x000000e1       0x2d startup.o
