
Memory Configuration

Name             Origin             Length             Attributes
flash            0x08000000         0x00010000         xr
sram             0x20000000         0x00005000         xrw
*default*        0x00000000         0xffffffff

Linker script and memory map


.text           0x08000000      0x11b
 *(.vectors*)
 .vectors       0x08000000       0x1c startup.o
                0x08000000                vectors
 *(.text*)
 .text          0x0800001c       0x6c main.o
                0x0800001c                main
 .text          0x08000088       0x90 startup.o
                0x08000088                Reset_Handler
                0x0800010c                H_Fault_Handler
                0x0800010c                MM_Fault_Handler
                0x0800010c                Bus_Fault_Handler
                0x0800010c                Default_Handler
                0x0800010c                Usage_Fault_Handler
                0x0800010c                NMI_Handler
 *(.rodata)
 .rodata        0x08000118        0x3 main.o
                0x08000118                const_variables
                0x0800011b                _E_text = .

.glue_7         0x0800011c        0x0
 .glue_7        0x0800011c        0x0 linker stubs

.glue_7t        0x0800011c        0x0
 .glue_7t       0x0800011c        0x0 linker stubs

.vfp11_veneer   0x0800011c        0x0
 .vfp11_veneer  0x0800011c        0x0 linker stubs

.v4_bx          0x0800011c        0x0
 .v4_bx         0x0800011c        0x0 linker stubs

.iplt           0x0800011c        0x0
 .iplt          0x0800011c        0x0 main.o

.rel.dyn        0x0800011c        0x0
 .rel.iplt      0x0800011c        0x0 main.o

.data           0x20000000        0x8 load address 0x0800011b
                0x20000000                _S_DATA = .
 *(.data)
 .data          0x20000000        0x7 main.o
                0x20000000                R_ODR
                0x20000004                g_variables
 .data          0x20000007        0x0 startup.o
                0x20000008                . = ALIGN (0x4)
 *fill*         0x20000007        0x1 
                0x20000008                _E_DATA = .

.igot.plt       0x20000008        0x0 load address 0x08000123
 .igot.plt      0x20000008        0x0 main.o

.bss            0x20000008     0x1004 load address 0x08000123
                0x20000008                _S_BSS = .
 *(.bss)
 .bss           0x20000008        0x3 main.o
                0x20000008                BSS_VAR
 .bss           0x2000000b        0x0 startup.o
                0x2000000b                _E_BSS = .
                0x2000000c                . = ALIGN (0x4)
 *fill*         0x2000000b        0x1 
                0x2000100c                . = (. + 0x1000)
 *fill*         0x2000000c     0x1000 
                0x2000100c                _stack_top = .
LOAD main.o
LOAD startup.o
OUTPUT(LEARN_IN_DEPTH_CORTEX_M3.elf elf32-littlearm)
LOAD linker stubs

.debug_info     0x00000000      0x470
 .debug_info    0x00000000      0x2c2 main.o
 .debug_info    0x000002c2      0x1ae startup.o

.debug_abbrev   0x00000000      0x1de
 .debug_abbrev  0x00000000       0xfc main.o
 .debug_abbrev  0x000000fc       0xe2 startup.o

.debug_loc      0x00000000       0xb4
 .debug_loc     0x00000000       0x38 main.o
 .debug_loc     0x00000038       0x7c startup.o

.debug_aranges  0x00000000       0x40
 .debug_aranges
                0x00000000       0x20 main.o
 .debug_aranges
                0x00000020       0x20 startup.o

.debug_line     0x00000000      0x152
 .debug_line    0x00000000       0x8c main.o
 .debug_line    0x0000008c       0xc6 startup.o

.debug_str      0x00000000      0x264
 .debug_str     0x00000000      0x1dd main.o
                                0x211 (size before relaxing)
 .debug_str     0x000001dd       0x87 startup.o
                                0x1e6 (size before relaxing)

.comment        0x00000000       0x49
 .comment       0x00000000       0x49 main.o
                                 0x4a (size before relaxing)
 .comment       0x00000049       0x4a startup.o

.ARM.attributes
                0x00000000       0x2d
 .ARM.attributes
                0x00000000       0x2d main.o
 .ARM.attributes
                0x0000002d       0x2d startup.o

.debug_frame    0x00000000       0x7c
 .debug_frame   0x00000000       0x2c main.o
 .debug_frame   0x0000002c       0x50 startup.o
